// Jest Snapshot v1, https://goo.gl/fbAQLP

exports[`renders correctly 1`] = `
<div
  className="photos-container"
>
  <div
    className={undefined}
  >
    <div
      className="carousel carousel-slider"
      style={
        Object {
          "width": "100%",
        }
      }
    >
      <button
        className="control-arrow control-prev control-disabled"
        onClick={[Function]}
        type="button"
      />
      <div
        className="slider-wrapper axis-horizontal"
        style={Object {}}
      >
        <ul
          className="slider animated"
          onMouseDown={[Function]}
          onTouchEnd={[Function]}
          onTouchStart={[Function]}
          style={
            Object {
              "MozTransform": "translate3d(0%,0,0)",
              "MozTransitionDuration": "350ms",
              "MsTransform": "translate3d(0%,0,0)",
              "MsTransitionDuration": "350ms",
              "OTransform": "translate3d(0%,0,0)",
              "OTransitionDuration": "350ms",
              "WebkitTransform": "translate3d(0%,0,0)",
              "WebkitTransitionDuration": "350ms",
              "msTransform": "translate3d(0%,0,0)",
              "msTransitionDuration": "350ms",
              "transform": "translate3d(0%,0,0)",
              "transitionDuration": "350ms",
            }
          }
        >
          <li
            className="slide selected"
            onClick={[Function]}
          >
            <div
              className="photosCarousel"
              style={
                Object {
                  "backgroundImage": "url(https://images.pexels.com/photos/245239/pexels-photo-245239.jpeg?w=940&h=650&dpr=2&auto=compress&cs=tinysrgb)",
                  "backgroundSize": "cover",
                  "height": "337.5px",
                  "width": "600px",
                }
              }
            />
          </li>
          <li
            className="slide"
            onClick={[Function]}
          >
            <div
              className="photosCarousel"
              style={
                Object {
                  "backgroundImage": "url(https://images.pexels.com/photos/789818/pexels-photo-789818.jpeg?w=940&h=650&dpr=2&auto=compress&cs=tinysrgb)",
                  "backgroundSize": "cover",
                  "height": "337.5px",
                  "width": "600px",
                }
              }
            />
          </li>
        </ul>
      </div>
      <button
        className="control-arrow control-next"
        onClick={[Function]}
        type="button"
      />
      <ul
        className="control-dots"
      >
        <li
          className="dot selected"
          onClick={[Function]}
          value={0}
        />
        <li
          className="dot"
          onClick={[Function]}
          value={1}
        />
      </ul>
    </div>
  </div>
</div>
`;
